mode: set
github.com/13SOAT-andromeda/video-processor-users-api/cmd/api/main.go:24.13,26.16 2 0
github.com/13SOAT-andromeda/video-processor-users-api/cmd/api/main.go:26.16,27.55 1 0
github.com/13SOAT-andromeda/video-processor-users-api/cmd/api/main.go:29.2,29.15 1 0
github.com/13SOAT-andromeda/video-processor-users-api/cmd/api/main.go:29.15,33.3 3 0
github.com/13SOAT-andromeda/video-processor-users-api/cmd/api/main.go:35.2,38.16 3 0
github.com/13SOAT-andromeda/video-processor-users-api/cmd/api/main.go:38.16,40.3 1 0
github.com/13SOAT-andromeda/video-processor-users-api/cmd/api/main.go:42.2,47.16 1 0
github.com/13SOAT-andromeda/video-processor-users-api/cmd/api/main.go:47.16,49.3 1 0
github.com/13SOAT-andromeda/video-processor-users-api/cmd/api/main.go:51.2,55.16 1 0
github.com/13SOAT-andromeda/video-processor-users-api/cmd/api/main.go:55.16,57.3 1 0
github.com/13SOAT-andromeda/video-processor-users-api/cmd/api/main.go:59.2,61.16 3 0
github.com/13SOAT-andromeda/video-processor-users-api/cmd/api/main.go:61.16,63.3 1 0
github.com/13SOAT-andromeda/video-processor-users-api/cmd/api/main.go:65.2,65.58 1 0
github.com/13SOAT-andromeda/video-processor-users-api/cmd/api/main.go:65.58,67.3 1 0
github.com/13SOAT-andromeda/video-processor-users-api/cmd/api/main.go:69.2,73.17 1 0
github.com/13SOAT-andromeda/video-processor-users-api/cmd/api/main.go:73.17,75.3 1 0
github.com/13SOAT-andromeda/video-processor-users-api/cmd/api/main.go:78.2,92.58 8 0
github.com/13SOAT-andromeda/video-processor-users-api/cmd/api/main.go:92.58,94.3 1 0
github.com/13SOAT-andromeda/video-processor-users-api/cmd/api/main.go:96.2,98.12 3 0
github.com/13SOAT-andromeda/video-processor-users-api/cmd/api/main.go:98.12,101.3 2 0
github.com/13SOAT-andromeda/video-processor-users-api/internal/adapter/http/middleware/auth.go:18.53,19.30 1 1
github.com/13SOAT-andromeda/video-processor-users-api/internal/adapter/http/middleware/auth.go:19.30,21.68 2 1
github.com/13SOAT-andromeda/video-processor-users-api/internal/adapter/http/middleware/auth.go:21.68,25.4 3 1
github.com/13SOAT-andromeda/video-processor-users-api/internal/adapter/http/middleware/auth.go:27.3,29.17 3 1
github.com/13SOAT-andromeda/video-processor-users-api/internal/adapter/http/middleware/auth.go:29.17,33.4 3 1
github.com/13SOAT-andromeda/video-processor-users-api/internal/adapter/http/middleware/auth.go:35.3,39.11 4 1
github.com/13SOAT-andromeda/video-processor-users-api/internal/adapter/http/middleware/role.go:11.56,12.30 1 1
github.com/13SOAT-andromeda/video-processor-users-api/internal/adapter/http/middleware/role.go:12.30,14.14 2 1
github.com/13SOAT-andromeda/video-processor-users-api/internal/adapter/http/middleware/role.go:14.14,18.4 3 0
github.com/13SOAT-andromeda/video-processor-users-api/internal/adapter/http/middleware/role.go:20.3,20.45 1 1
github.com/13SOAT-andromeda/video-processor-users-api/internal/adapter/http/middleware/role.go:20.45,24.4 3 1
github.com/13SOAT-andromeda/video-processor-users-api/internal/adapter/http/middleware/role.go:26.3,26.11 1 1
github.com/13SOAT-andromeda/video-processor-users-api/internal/adapter/http/handlers/user_handler.go:19.61,21.2 1 1
github.com/13SOAT-andromeda/video-processor-users-api/internal/adapter/http/handlers/user_handler.go:23.46,25.47 2 1
github.com/13SOAT-andromeda/video-processor-users-api/internal/adapter/http/handlers/user_handler.go:25.47,28.3 2 1
github.com/13SOAT-andromeda/video-processor-users-api/internal/adapter/http/handlers/user_handler.go:30.2,31.16 2 1
github.com/13SOAT-andromeda/video-processor-users-api/internal/adapter/http/handlers/user_handler.go:31.16,32.51 1 1
github.com/13SOAT-andromeda/video-processor-users-api/internal/adapter/http/handlers/user_handler.go:32.51,35.4 2 1
github.com/13SOAT-andromeda/video-processor-users-api/internal/adapter/http/handlers/user_handler.go:36.3,37.9 2 0
github.com/13SOAT-andromeda/video-processor-users-api/internal/adapter/http/handlers/user_handler.go:40.2,40.34 1 1
github.com/13SOAT-andromeda/video-processor-users-api/internal/adapter/http/handlers/user_handler.go:43.47,45.16 2 1
github.com/13SOAT-andromeda/video-processor-users-api/internal/adapter/http/handlers/user_handler.go:45.16,48.3 2 1
github.com/13SOAT-andromeda/video-processor-users-api/internal/adapter/http/handlers/user_handler.go:50.2,51.16 2 1
github.com/13SOAT-andromeda/video-processor-users-api/internal/adapter/http/handlers/user_handler.go:51.16,52.45 1 1
github.com/13SOAT-andromeda/video-processor-users-api/internal/adapter/http/handlers/user_handler.go:52.45,55.4 2 1
github.com/13SOAT-andromeda/video-processor-users-api/internal/adapter/http/handlers/user_handler.go:56.3,57.9 2 0
github.com/13SOAT-andromeda/video-processor-users-api/internal/adapter/http/handlers/user_handler.go:60.2,60.29 1 1
github.com/13SOAT-andromeda/video-processor-users-api/internal/adapter/http/handlers/user_handler.go:63.46,65.16 2 1
github.com/13SOAT-andromeda/video-processor-users-api/internal/adapter/http/handlers/user_handler.go:65.16,68.3 2 0
github.com/13SOAT-andromeda/video-processor-users-api/internal/adapter/http/handlers/user_handler.go:70.2,71.47 2 1
github.com/13SOAT-andromeda/video-processor-users-api/internal/adapter/http/handlers/user_handler.go:71.47,74.3 2 0
github.com/13SOAT-andromeda/video-processor-users-api/internal/adapter/http/handlers/user_handler.go:76.2,77.16 2 1
github.com/13SOAT-andromeda/video-processor-users-api/internal/adapter/http/handlers/user_handler.go:77.16,78.45 1 1
github.com/13SOAT-andromeda/video-processor-users-api/internal/adapter/http/handlers/user_handler.go:78.45,81.4 2 1
github.com/13SOAT-andromeda/video-processor-users-api/internal/adapter/http/handlers/user_handler.go:82.3,82.51 1 1
github.com/13SOAT-andromeda/video-processor-users-api/internal/adapter/http/handlers/user_handler.go:82.51,85.4 2 1
github.com/13SOAT-andromeda/video-processor-users-api/internal/adapter/http/handlers/user_handler.go:86.3,87.9 2 0
github.com/13SOAT-andromeda/video-processor-users-api/internal/adapter/http/handlers/user_handler.go:90.2,90.29 1 1
github.com/13SOAT-andromeda/video-processor-users-api/internal/adapter/http/handlers/user_handler.go:93.46,95.16 2 1
github.com/13SOAT-andromeda/video-processor-users-api/internal/adapter/http/handlers/user_handler.go:95.16,98.3 2 0
github.com/13SOAT-andromeda/video-processor-users-api/internal/adapter/http/handlers/user_handler.go:100.2,101.16 2 1
github.com/13SOAT-andromeda/video-processor-users-api/internal/adapter/http/handlers/user_handler.go:101.16,102.45 1 1
github.com/13SOAT-andromeda/video-processor-users-api/internal/adapter/http/handlers/user_handler.go:102.45,105.4 2 1
github.com/13SOAT-andromeda/video-processor-users-api/internal/adapter/http/handlers/user_handler.go:106.3,107.9 2 1
github.com/13SOAT-andromeda/video-processor-users-api/internal/adapter/http/handlers/user_handler.go:110.2,110.29 1 1
github.com/13SOAT-andromeda/video-processor-users-api/internal/adapter/http/handlers/user_handler.go:113.44,115.44 2 1
github.com/13SOAT-andromeda/video-processor-users-api/internal/adapter/http/handlers/user_handler.go:115.44,117.3 1 0
github.com/13SOAT-andromeda/video-processor-users-api/internal/adapter/http/handlers/user_handler.go:118.2,119.30 2 1
github.com/13SOAT-andromeda/video-processor-users-api/internal/adapter/http/handlers/user_handler.go:119.30,121.3 1 0
github.com/13SOAT-andromeda/video-processor-users-api/internal/adapter/http/handlers/user_handler.go:123.2,124.16 2 1
github.com/13SOAT-andromeda/video-processor-users-api/internal/adapter/http/handlers/user_handler.go:124.16,127.3 2 1
github.com/13SOAT-andromeda/video-processor-users-api/internal/adapter/http/handlers/user_handler.go:129.2,129.29 1 1
github.com/13SOAT-andromeda/video-processor-users-api/internal/application/services/user_service.go:20.128,22.2 1 1
github.com/13SOAT-andromeda/video-processor-users-api/internal/application/services/user_service.go:24.115,25.50 1 1
github.com/13SOAT-andromeda/video-processor-users-api/internal/application/services/user_service.go:25.50,27.3 1 1
github.com/13SOAT-andromeda/video-processor-users-api/internal/application/services/user_service.go:28.2,28.56 1 1
github.com/13SOAT-andromeda/video-processor-users-api/internal/application/services/user_service.go:28.56,30.3 1 1
github.com/13SOAT-andromeda/video-processor-users-api/internal/application/services/user_service.go:31.2,31.56 1 1
github.com/13SOAT-andromeda/video-processor-users-api/internal/application/services/user_service.go:31.56,33.3 1 1
github.com/13SOAT-andromeda/video-processor-users-api/internal/application/services/user_service.go:34.2,34.73 1 1
github.com/13SOAT-andromeda/video-processor-users-api/internal/application/services/user_service.go:34.73,36.3 1 1
github.com/13SOAT-andromeda/video-processor-users-api/internal/application/services/user_service.go:38.2,39.16 2 1
github.com/13SOAT-andromeda/video-processor-users-api/internal/application/services/user_service.go:39.16,41.3 1 0
github.com/13SOAT-andromeda/video-processor-users-api/internal/application/services/user_service.go:43.2,52.46 2 1
github.com/13SOAT-andromeda/video-processor-users-api/internal/application/services/user_service.go:52.46,54.3 1 1
github.com/13SOAT-andromeda/video-processor-users-api/internal/application/services/user_service.go:56.2,56.98 1 1
github.com/13SOAT-andromeda/video-processor-users-api/internal/application/services/user_service.go:56.98,60.3 2 1
github.com/13SOAT-andromeda/video-processor-users-api/internal/application/services/user_service.go:62.2,66.8 1 1
github.com/13SOAT-andromeda/video-processor-users-api/internal/application/services/user_service.go:69.95,71.16 2 1
github.com/13SOAT-andromeda/video-processor-users-api/internal/application/services/user_service.go:71.16,73.3 1 1
github.com/13SOAT-andromeda/video-processor-users-api/internal/application/services/user_service.go:74.2,74.31 1 1
github.com/13SOAT-andromeda/video-processor-users-api/internal/application/services/user_service.go:77.129,79.16 2 1
github.com/13SOAT-andromeda/video-processor-users-api/internal/application/services/user_service.go:79.16,81.3 1 0
github.com/13SOAT-andromeda/video-processor-users-api/internal/application/services/user_service.go:83.2,83.20 1 1
github.com/13SOAT-andromeda/video-processor-users-api/internal/application/services/user_service.go:83.20,85.3 1 1
github.com/13SOAT-andromeda/video-processor-users-api/internal/application/services/user_service.go:86.2,86.21 1 1
github.com/13SOAT-andromeda/video-processor-users-api/internal/application/services/user_service.go:86.21,87.51 1 1
github.com/13SOAT-andromeda/video-processor-users-api/internal/application/services/user_service.go:87.51,89.4 1 1
github.com/13SOAT-andromeda/video-processor-users-api/internal/application/services/user_service.go:90.3,90.22 1 1
github.com/13SOAT-andromeda/video-processor-users-api/internal/application/services/user_service.go:92.2,92.24 1 1
github.com/13SOAT-andromeda/video-processor-users-api/internal/application/services/user_service.go:92.24,93.57 1 1
github.com/13SOAT-andromeda/video-processor-users-api/internal/application/services/user_service.go:93.57,95.4 1 1
github.com/13SOAT-andromeda/video-processor-users-api/internal/application/services/user_service.go:96.3,96.28 1 1
github.com/13SOAT-andromeda/video-processor-users-api/internal/application/services/user_service.go:98.2,98.20 1 1
github.com/13SOAT-andromeda/video-processor-users-api/internal/application/services/user_service.go:98.20,99.74 1 1
github.com/13SOAT-andromeda/video-processor-users-api/internal/application/services/user_service.go:99.74,101.4 1 1
github.com/13SOAT-andromeda/video-processor-users-api/internal/application/services/user_service.go:102.3,102.20 1 1
github.com/13SOAT-andromeda/video-processor-users-api/internal/application/services/user_service.go:105.2,105.46 1 1
github.com/13SOAT-andromeda/video-processor-users-api/internal/application/services/user_service.go:105.46,107.3 1 0
github.com/13SOAT-andromeda/video-processor-users-api/internal/application/services/user_service.go:109.2,113.8 1 1
github.com/13SOAT-andromeda/video-processor-users-api/internal/application/services/user_service.go:116.100,117.52 1 1
github.com/13SOAT-andromeda/video-processor-users-api/internal/application/services/user_service.go:117.52,119.3 1 1
github.com/13SOAT-andromeda/video-processor-users-api/internal/application/services/user_service.go:120.2,120.47 1 1
github.com/13SOAT-andromeda/video-processor-users-api/internal/application/services/user_service.go:120.47,122.3 1 0
github.com/13SOAT-andromeda/video-processor-users-api/internal/application/services/user_service.go:123.2,126.8 1 1
github.com/13SOAT-andromeda/video-processor-users-api/internal/application/services/user_service.go:129.101,131.16 2 1
github.com/13SOAT-andromeda/video-processor-users-api/internal/application/services/user_service.go:131.16,133.3 1 0
github.com/13SOAT-andromeda/video-processor-users-api/internal/application/services/user_service.go:134.2,135.26 2 1
github.com/13SOAT-andromeda/video-processor-users-api/internal/application/services/user_service.go:135.26,137.3 1 1
github.com/13SOAT-andromeda/video-processor-users-api/internal/application/services/user_service.go:138.2,138.80 1 1
github.com/13SOAT-andromeda/video-processor-users-api/internal/application/services/user_service.go:141.57,151.2 1 1
github.com/13SOAT-andromeda/video-processor-users-api/internal/adapter/config/config.go:57.46,58.48 1 1
github.com/13SOAT-andromeda/video-processor-users-api/internal/adapter/config/config.go:58.48,60.3 1 1
github.com/13SOAT-andromeda/video-processor-users-api/internal/adapter/config/config.go:61.2,61.21 1 1
github.com/13SOAT-andromeda/video-processor-users-api/internal/adapter/config/config.go:64.30,79.27 5 1
github.com/13SOAT-andromeda/video-processor-users-api/internal/adapter/config/config.go:79.27,81.3 1 1
github.com/13SOAT-andromeda/video-processor-users-api/internal/adapter/config/config.go:81.8,83.3 1 0
github.com/13SOAT-andromeda/video-processor-users-api/internal/adapter/config/config.go:85.2,107.21 8 1
github.com/13SOAT-andromeda/video-processor-users-api/internal/adapter/config/config.go:107.21,110.3 2 1
github.com/13SOAT-andromeda/video-processor-users-api/internal/adapter/config/config.go:112.2,122.8 1 1
github.com/13SOAT-andromeda/video-processor-users-api/internal/adapter/database/model/user/model.go:23.34,25.2 1 1
github.com/13SOAT-andromeda/video-processor-users-api/internal/adapter/database/model/user/model.go:27.41,29.23 2 1
github.com/13SOAT-andromeda/video-processor-users-api/internal/adapter/database/model/user/model.go:29.23,31.3 1 1
github.com/13SOAT-andromeda/video-processor-users-api/internal/adapter/database/model/user/model.go:32.2,42.3 1 1
github.com/13SOAT-andromeda/video-processor-users-api/internal/adapter/database/model/user/model.go:45.44,46.14 1 1
github.com/13SOAT-andromeda/video-processor-users-api/internal/adapter/database/model/user/model.go:46.14,48.3 1 1
github.com/13SOAT-andromeda/video-processor-users-api/internal/adapter/database/model/user/model.go:49.2,54.33 6 1
github.com/13SOAT-andromeda/video-processor-users-api/internal/adapter/authclient/auth_service_client.go:21.67,28.2 1 1
github.com/13SOAT-andromeda/video-processor-users-api/internal/adapter/authclient/auth_service_client.go:37.126,46.16 3 1
github.com/13SOAT-andromeda/video-processor-users-api/internal/adapter/authclient/auth_service_client.go:46.16,48.3 1 0
github.com/13SOAT-andromeda/video-processor-users-api/internal/adapter/authclient/auth_service_client.go:50.2,51.16 2 1
github.com/13SOAT-andromeda/video-processor-users-api/internal/adapter/authclient/auth_service_client.go:51.16,53.3 1 0
github.com/13SOAT-andromeda/video-processor-users-api/internal/adapter/authclient/auth_service_client.go:54.2,57.16 3 1
github.com/13SOAT-andromeda/video-processor-users-api/internal/adapter/authclient/auth_service_client.go:57.16,59.3 1 1
github.com/13SOAT-andromeda/video-processor-users-api/internal/adapter/authclient/auth_service_client.go:60.2,62.28 2 1
github.com/13SOAT-andromeda/video-processor-users-api/internal/adapter/authclient/auth_service_client.go:62.28,64.3 1 1
github.com/13SOAT-andromeda/video-processor-users-api/internal/adapter/authclient/auth_service_client.go:66.2,66.12 1 1
github.com/13SOAT-andromeda/video-processor-users-api/internal/domain/user.go:32.33,34.2 1 1
github.com/13SOAT-andromeda/video-processor-users-api/internal/adapter/database/repository/user_repository.go:19.58,21.2 1 0
github.com/13SOAT-andromeda/video-processor-users-api/internal/adapter/database/repository/user_repository.go:23.76,26.22 3 0
github.com/13SOAT-andromeda/video-processor-users-api/internal/adapter/database/repository/user_repository.go:26.22,28.3 1 0
github.com/13SOAT-andromeda/video-processor-users-api/internal/adapter/database/repository/user_repository.go:29.2,29.62 1 0
github.com/13SOAT-andromeda/video-processor-users-api/internal/adapter/database/repository/user_repository.go:29.62,30.29 1 0
github.com/13SOAT-andromeda/video-processor-users-api/internal/adapter/database/repository/user_repository.go:30.29,32.4 1 0
github.com/13SOAT-andromeda/video-processor-users-api/internal/adapter/database/repository/user_repository.go:33.3,33.13 1 0
github.com/13SOAT-andromeda/video-processor-users-api/internal/adapter/database/repository/user_repository.go:35.2,38.12 4 0
github.com/13SOAT-andromeda/video-processor-users-api/internal/adapter/database/repository/user_repository.go:41.92,43.76 2 0
github.com/13SOAT-andromeda/video-processor-users-api/internal/adapter/database/repository/user_repository.go:43.76,44.45 1 0
github.com/13SOAT-andromeda/video-processor-users-api/internal/adapter/database/repository/user_repository.go:44.45,46.4 1 0
github.com/13SOAT-andromeda/video-processor-users-api/internal/adapter/database/repository/user_repository.go:47.3,47.18 1 0
github.com/13SOAT-andromeda/video-processor-users-api/internal/adapter/database/repository/user_repository.go:49.2,49.26 1 0
github.com/13SOAT-andromeda/video-processor-users-api/internal/adapter/database/repository/user_repository.go:52.76,55.94 3 0
github.com/13SOAT-andromeda/video-processor-users-api/internal/adapter/database/repository/user_repository.go:55.94,56.29 1 0
github.com/13SOAT-andromeda/video-processor-users-api/internal/adapter/database/repository/user_repository.go:56.29,58.4 1 0
github.com/13SOAT-andromeda/video-processor-users-api/internal/adapter/database/repository/user_repository.go:59.3,59.13 1 0
github.com/13SOAT-andromeda/video-processor-users-api/internal/adapter/database/repository/user_repository.go:61.2,61.12 1 0
github.com/13SOAT-andromeda/video-processor-users-api/internal/adapter/database/repository/user_repository.go:64.74,66.2 1 0
github.com/13SOAT-andromeda/video-processor-users-api/internal/adapter/database/repository/user_repository.go:68.95,70.94 2 0
github.com/13SOAT-andromeda/video-processor-users-api/internal/adapter/database/repository/user_repository.go:70.94,72.3 1 0
github.com/13SOAT-andromeda/video-processor-users-api/internal/adapter/database/repository/user_repository.go:73.2,74.27 2 0
github.com/13SOAT-andromeda/video-processor-users-api/internal/adapter/database/repository/user_repository.go:74.27,77.3 2 0
github.com/13SOAT-andromeda/video-processor-users-api/internal/adapter/database/repository/user_repository.go:78.2,78.19 1 0
github.com/13SOAT-andromeda/video-processor-users-api/internal/adapter/database/repository/user_repository.go:81.40,83.2 1 0
github.com/13SOAT-andromeda/video-processor-users-api/internal/adapter/http/response/base_response.go:17.84,19.2 1 0
github.com/13SOAT-andromeda/video-processor-users-api/internal/adapter/http/response/base_response.go:21.52,23.2 1 0
github.com/13SOAT-andromeda/video-processor-users-api/internal/adapter/http/response/base_response.go:25.73,27.2 1 0
github.com/13SOAT-andromeda/video-processor-users-api/internal/adapter/database/postgres.go:25.61,27.2 1 0
github.com/13SOAT-andromeda/video-processor-users-api/internal/adapter/database/postgres.go:29.37,31.2 1 0
github.com/13SOAT-andromeda/video-processor-users-api/internal/adapter/database/postgres.go:33.75,40.16 3 0
github.com/13SOAT-andromeda/video-processor-users-api/internal/adapter/database/postgres.go:40.16,42.3 1 0
github.com/13SOAT-andromeda/video-processor-users-api/internal/adapter/database/postgres.go:44.2,44.60 1 0
github.com/13SOAT-andromeda/video-processor-users-api/internal/adapter/database/postgres.go:44.60,46.3 1 0
github.com/13SOAT-andromeda/video-processor-users-api/internal/adapter/database/postgres.go:47.2,47.67 1 0
github.com/13SOAT-andromeda/video-processor-users-api/internal/adapter/database/postgres.go:47.67,49.3 1 0
github.com/13SOAT-andromeda/video-processor-users-api/internal/adapter/database/postgres.go:51.2,51.31 1 0
github.com/13SOAT-andromeda/video-processor-users-api/internal/adapter/database/seeder.go:21.75,22.65 1 0
github.com/13SOAT-andromeda/video-processor-users-api/internal/adapter/database/seeder.go:22.65,24.3 1 0
github.com/13SOAT-andromeda/video-processor-users-api/internal/adapter/database/seeder.go:26.2,28.16 3 0
github.com/13SOAT-andromeda/video-processor-users-api/internal/adapter/database/seeder.go:28.16,30.3 1 0
github.com/13SOAT-andromeda/video-processor-users-api/internal/adapter/database/seeder.go:31.2,31.45 1 0
github.com/13SOAT-andromeda/video-processor-users-api/internal/adapter/database/seeder.go:31.45,33.3 1 0
github.com/13SOAT-andromeda/video-processor-users-api/internal/adapter/database/seeder.go:35.2,36.16 2 0
github.com/13SOAT-andromeda/video-processor-users-api/internal/adapter/database/seeder.go:36.16,38.3 1 0
github.com/13SOAT-andromeda/video-processor-users-api/internal/adapter/database/seeder.go:40.2,49.43 2 0
github.com/13SOAT-andromeda/video-processor-users-api/internal/adapter/database/seeder.go:49.43,51.3 1 0
github.com/13SOAT-andromeda/video-processor-users-api/internal/adapter/database/seeder.go:53.2,53.12 1 0
github.com/13SOAT-andromeda/video-processor-users-api/internal/adapter/http/router.go:26.97,27.29 1 0
github.com/13SOAT-andromeda/video-processor-users-api/internal/adapter/http/router.go:27.29,29.3 1 0
github.com/13SOAT-andromeda/video-processor-users-api/internal/adapter/http/router.go:31.2,40.56 6 0
github.com/13SOAT-andromeda/video-processor-users-api/internal/adapter/http/router.go:40.56,42.4 1 0
github.com/13SOAT-andromeda/video-processor-users-api/internal/adapter/http/router.go:43.54,45.4 1 0
github.com/13SOAT-andromeda/video-processor-users-api/internal/adapter/http/router.go:47.2,50.59 1 0
github.com/13SOAT-andromeda/video-processor-users-api/internal/adapter/http/router.go:50.59,53.10 3 0
github.com/13SOAT-andromeda/video-processor-users-api/internal/adapter/http/router.go:53.10,56.5 2 0
github.com/13SOAT-andromeda/video-processor-users-api/internal/adapter/http/router.go:57.4,57.17 1 0
github.com/13SOAT-andromeda/video-processor-users-api/internal/adapter/http/router.go:60.2,65.42 4 0
github.com/13SOAT-andromeda/video-processor-users-api/internal/adapter/http/router.go:65.42,67.3 1 0
github.com/13SOAT-andromeda/video-processor-users-api/internal/adapter/http/router.go:69.2,76.2 7 0
github.com/13SOAT-andromeda/video-processor-users-api/internal/adapter/http/router.go:76.2,82.3 5 0
github.com/13SOAT-andromeda/video-processor-users-api/internal/adapter/http/router.go:84.2,84.24 1 0
github.com/13SOAT-andromeda/video-processor-users-api/internal/adapter/http/router.go:87.50,89.2 1 0
github.com/13SOAT-andromeda/video-processor-users-api/internal/domain/vo/vo_document.go:13.48,15.23 2 1
github.com/13SOAT-andromeda/video-processor-users-api/internal/domain/vo/vo_document.go:15.23,17.3 1 1
github.com/13SOAT-andromeda/video-processor-users-api/internal/domain/vo/vo_document.go:18.2,18.27 1 1
github.com/13SOAT-andromeda/video-processor-users-api/internal/domain/vo/vo_document.go:21.35,21.55 1 0
github.com/13SOAT-andromeda/video-processor-users-api/internal/domain/vo/vo_document.go:23.35,24.23 1 1
github.com/13SOAT-andromeda/video-processor-users-api/internal/domain/vo/vo_document.go:24.23,26.3 1 0
github.com/13SOAT-andromeda/video-processor-users-api/internal/domain/vo/vo_document.go:28.2,29.26 2 1
github.com/13SOAT-andromeda/video-processor-users-api/internal/domain/vo/vo_document.go:29.26,30.29 1 1
github.com/13SOAT-andromeda/video-processor-users-api/internal/domain/vo/vo_document.go:30.29,32.9 2 1
github.com/13SOAT-andromeda/video-processor-users-api/internal/domain/vo/vo_document.go:35.2,35.13 1 1
github.com/13SOAT-andromeda/video-processor-users-api/internal/domain/vo/vo_document.go:35.13,37.3 1 1
github.com/13SOAT-andromeda/video-processor-users-api/internal/domain/vo/vo_document.go:39.2,40.25 2 1
github.com/13SOAT-andromeda/video-processor-users-api/internal/domain/vo/vo_document.go:40.25,43.3 2 1
github.com/13SOAT-andromeda/video-processor-users-api/internal/domain/vo/vo_document.go:44.2,45.13 2 1
github.com/13SOAT-andromeda/video-processor-users-api/internal/domain/vo/vo_document.go:45.13,47.3 1 1
github.com/13SOAT-andromeda/video-processor-users-api/internal/domain/vo/vo_document.go:48.2,49.13 2 1
github.com/13SOAT-andromeda/video-processor-users-api/internal/domain/vo/vo_document.go:49.13,51.3 1 0
github.com/13SOAT-andromeda/video-processor-users-api/internal/domain/vo/vo_document.go:53.2,54.26 2 1
github.com/13SOAT-andromeda/video-processor-users-api/internal/domain/vo/vo_document.go:54.26,57.3 2 1
github.com/13SOAT-andromeda/video-processor-users-api/internal/domain/vo/vo_document.go:58.2,59.13 2 1
github.com/13SOAT-andromeda/video-processor-users-api/internal/domain/vo/vo_document.go:59.13,61.3 1 0
github.com/13SOAT-andromeda/video-processor-users-api/internal/domain/vo/vo_document.go:62.2,63.16 2 1
github.com/13SOAT-andromeda/video-processor-users-api/internal/domain/vo/vo_email.go:12.42,13.31 1 1
github.com/13SOAT-andromeda/video-processor-users-api/internal/domain/vo/vo_email.go:13.31,15.3 1 1
github.com/13SOAT-andromeda/video-processor-users-api/internal/domain/vo/vo_email.go:16.2,16.24 1 1
github.com/13SOAT-andromeda/video-processor-users-api/internal/domain/vo/vo_email.go:19.32,19.52 1 0
github.com/13SOAT-andromeda/video-processor-users-api/internal/domain/vo/vo_password.go:10.48,11.18 1 1
github.com/13SOAT-andromeda/video-processor-users-api/internal/domain/vo/vo_password.go:11.18,13.3 1 1
github.com/13SOAT-andromeda/video-processor-users-api/internal/domain/vo/vo_password.go:14.2,15.24 2 1
github.com/13SOAT-andromeda/video-processor-users-api/internal/domain/vo/vo_password.go:15.24,16.10 1 1
github.com/13SOAT-andromeda/video-processor-users-api/internal/domain/vo/vo_password.go:17.27,18.19 1 1
github.com/13SOAT-andromeda/video-processor-users-api/internal/domain/vo/vo_password.go:19.27,20.20 1 1
github.com/13SOAT-andromeda/video-processor-users-api/internal/domain/vo/vo_password.go:21.50,22.20 1 1
github.com/13SOAT-andromeda/video-processor-users-api/internal/domain/vo/vo_password.go:25.2,25.15 1 1
github.com/13SOAT-andromeda/video-processor-users-api/internal/domain/vo/vo_password.go:25.15,27.3 1 1
github.com/13SOAT-andromeda/video-processor-users-api/internal/domain/vo/vo_password.go:28.2,28.16 1 1
github.com/13SOAT-andromeda/video-processor-users-api/internal/domain/vo/vo_password.go:28.16,30.3 1 1
github.com/13SOAT-andromeda/video-processor-users-api/internal/domain/vo/vo_password.go:31.2,31.16 1 1
github.com/13SOAT-andromeda/video-processor-users-api/internal/domain/vo/vo_password.go:31.16,33.3 1 1
github.com/13SOAT-andromeda/video-processor-users-api/internal/domain/vo/vo_password.go:34.2,34.27 1 1
github.com/13SOAT-andromeda/video-processor-users-api/internal/domain/vo/vo_password.go:37.35,37.55 1 0
github.com/13SOAT-andromeda/video-processor-users-api/pkg/jwt/jwt.go:16.62,20.43 1 1
github.com/13SOAT-andromeda/video-processor-users-api/pkg/jwt/jwt.go:20.43,21.55 1 1
github.com/13SOAT-andromeda/video-processor-users-api/pkg/jwt/jwt.go:21.55,23.5 1 0
github.com/13SOAT-andromeda/video-processor-users-api/pkg/jwt/jwt.go:24.4,24.30 1 1
github.com/13SOAT-andromeda/video-processor-users-api/pkg/jwt/jwt.go:27.2,27.16 1 1
github.com/13SOAT-andromeda/video-processor-users-api/pkg/jwt/jwt.go:27.16,29.3 1 1
github.com/13SOAT-andromeda/video-processor-users-api/pkg/jwt/jwt.go:31.2,32.25 2 1
github.com/13SOAT-andromeda/video-processor-users-api/pkg/jwt/jwt.go:32.25,34.3 1 0
github.com/13SOAT-andromeda/video-processor-users-api/pkg/jwt/jwt.go:36.2,36.20 1 1
github.com/13SOAT-andromeda/video-processor-users-api/pkg/encryption/hasher.go:12.31,14.2 1 1
github.com/13SOAT-andromeda/video-processor-users-api/pkg/encryption/hasher.go:16.59,18.16 2 1
github.com/13SOAT-andromeda/video-processor-users-api/pkg/encryption/hasher.go:18.16,20.3 1 0
github.com/13SOAT-andromeda/video-processor-users-api/pkg/encryption/hasher.go:21.2,21.27 1 1
github.com/13SOAT-andromeda/video-processor-users-api/pkg/encryption/hasher.go:24.57,26.2 1 1
